// Jest Snapshot v1, https://goo.gl/fbAQLP

exports[`Category renders correctly 1`] = `
[
  <div>
    <a
      href="/categories"
    >
      Category
    </a>
  </div>,
  <nav>
    <ul>
      <li>
        <a
          href="/category/typography"
        >
          Typography
           (
          1
          )
        </a>
      </li>
    </ul>
  </nav>,
]
`;
